// Jest Snapshot v1, https://goo.gl/fbAQLP

exports[`AddProperty page matches snapshot 1`] = `
<DocumentFragment>
  <div
    class="wrapper"
  >
    <div
      class="add-property"
      data-testid="add-property"
    >
      <form>
        <div
          class="form-entry"
        >
          <label
            for="title"
          >
            Title:
          </label>
          <input
            id="title"
            name="title"
            value=""
          />
        </div>
        <div
          class="form-entry"
        >
          <label
            for="type"
          >
            Type:
          </label>
          <select
            id="type"
            name="type"
          >
            <option
              value="Flat"
            >
              Flat
            </option>
            <option
              value="Detached"
            >
              Detached
            </option>
            <option
              value="Semi-Detached"
            >
              Semi-Detached
            </option>
            <option
              value="Terraced"
            >
              Terraced
            </option>
            <option
              value="End of Terrace"
            >
              End of Terrace
            </option>
            <option
              value="Cottage"
            >
              Cottage
            </option>
            <option
              value="Bungalow"
            >
              Bungalow
            </option>
          </select>
        </div>
        <div
          class="form-entry"
        >
          <label
            for="bedrooms"
          >
            Bedrooms:
          </label>
          <input
            id="bedrooms"
            name="bedrooms"
            value=""
          />
        </div>
        <div
          class="form-entry"
        >
          <label
            for="bathrooms"
          >
            Bathrooms:
          </label>
          <input
            id="bathrooms"
            name="bathrooms"
            value=""
          />
        </div>
        <div
          class="form-entry"
        >
          <label
            for="price"
          >
            Price:
          </label>
          <input
            id="price"
            name="price"
            value=""
          />
        </div>
        <div
          class="form-entry"
        >
          <label
            for="city"
          >
            City:
          </label>
          <select
            id="city"
            name="city"
          >
            <option
              value="Manchester"
            >
              Manchester
            </option>
            <option
              value="Leeds"
            >
              Leeds
            </option>
            <option
              value="Sheffield"
            >
              Sheffield
            </option>
            <option
              value="Liverpool"
            >
              Liverpool
            </option>
          </select>
        </div>
        <div
          class="form-entry"
        >
          <label
            for="email"
          >
            Email:
          </label>
          <input
            id="email"
            name="email"
            value=""
          />
        </div>
        <div
          class="form-entry"
        >
          <button
            type="submit"
          >
            Add
          </button>
        </div>
      </form>
    </div>
  </div>
</DocumentFragment>
`;
